CSV: C:\Users\nerka\Downloads\NOXREV\Group,Model,A-number.csv
Store: tykvge-hj.myshopify.com
Mode: dry-run
Auth: Shopify CLI store execute
CSV rows: 93
CSV model groups: 7

DRY RUN ONLY - no writes will be sent to Shopify.

Keyboard products found: 1
Variants that would be updated: 42

---
Product: NoxRev TXP1
Variant: Blue / iPad Pro 13 inch (M4/M5)
Matched CSV group/model: iPad Pro 13" / iPad Pro 13"
A-numbers (6): A2925, A2926, A3007, A3360, A3361, A3362
Metafield value:
["A2925","A2926","A3007","A3360","A3361","A3362"]
GraphQL metafieldsSet input:
{
  "ownerId": "gid://shopify/ProductVariant/43730795266122",
  "namespace": "custom",
  "key": "compatible_a_numbers",
  "type": "list.single_line_text_field",
  "value": "[\"A2925\",\"A2926\",\"A3007\",\"A3360\",\"A3361\",\"A3362\"]"
}
---
Product: NoxRev TXP1
Variant: Blue / iPad Pro 11 inch (M4/M5)
Matched CSV group/model: iPad Pro 11" / iPad Pro 11"
A-numbers (6): A2836, A2837, A3006, A3357, A3358, A3359
Metafield value:
["A2836","A2837","A3006","A3357","A3358","A3359"]
GraphQL metafieldsSet input:
{
  "ownerId": "gid://shopify/ProductVariant/43730795298890",
  "namespace": "custom",
  "key": "compatible_a_numbers",
  "type": "list.single_line_text_field",
  "value": "[\"A2836\",\"A2837\",\"A3006\",\"A3357\",\"A3358\",\"A3359\"]"
}
---
Product: NoxRev TXP1
Variant: Blue / iPad Air 13 inch (M2/M3/M4) / Pro 12.9 inch (3th/4th/5th/6th)
Matched CSV group/model: Air 13" / Pro 12.9" / Air 13" / Pro 12.9"
A-numbers (25): A1876, A1895, A1983, A2014, A2069, A2229, A2232, A2233, A2378, A2379, A2436, A2437, A2461, A2462, A2764, A2766, A2898, A2899, A2900, A3268, A3269, A3271, A3461, A3462, A3464
Metafield value:
["A1876","A1895","A1983","A2014","A2069","A2229","A2232","A2233","A2378","A2379","A2436","A2437","A2461","A2462","A2764","A2766","A2898","A2899","A2900","A3268","A3269","A3271","A3461","A3462","A3464"]
GraphQL metafieldsSet input:
{
  "ownerId": "gid://shopify/ProductVariant/43730795331658",
  "namespace": "custom",
  "key": "compatible_a_numbers",
  "type": "list.single_line_text_field",
  "value": "[\"A1876\",\"A1895\",\"A1983\",\"A2014\",\"A2069\",\"A2229\",\"A2232\",\"A2233\",\"A2378\",\"A2379\",\"A2436\",\"A2437\",\"A2461\",\"A2462\",\"A2764\",\"A2766\",\"A2898\",\"A2899\",\"A2900\",\"A3268\",\"A3269\",\"A3271\",\"A3461\",\"A3462\",\"A3464\"]"
}
---
Product: NoxRev TXP1
Variant: Blue / iPad Air 11 inch (4th/5th/M2/M3/M4) / Pro 11 inch (1th/2th/3th/4th)
Matched CSV group/model: Air 11" / Pro 11" / Air 11" / Pro 11"
A-numbers (32): A1934, A1979, A1980, A2013, A2068, A2072, A2228, A2230, A2231, A2301, A2316, A2324, A2325, A2377, A2435, A2459, A2460, A2588, A2589, A2591, A2759, A2761, A2762, A2902, A2903, A2904, A3266, A3267, A3270, A3459, A3460, A3463
Metafield value:
["A1934","A1979","A1980","A2013","A2068","A2072","A2228","A2230","A2231","A2301","A2316","A2324","A2325","A2377","A2435","A2459","A2460","A2588","A2589","A2591","A2759","A2761","A2762","A2902","A2903","A2904","A3266","A3267","A3270","A3459","A3460","A3463"]
GraphQL metafieldsSet input:
{
  "ownerId": "gid://shopify/ProductVariant/43730795364426",
  "namespace": "custom",
  "key": "compatible_a_numbers",
  "type": "list.single_line_text_field",
  "value": "[\"A1934\",\"A1979\",\"A1980\",\"A2013\",\"A2068\",\"A2072\",\"A2228\",\"A2230\",\"A2231\",\"A2301\",\"A2316\",\"A2324\",\"A2325\",\"A2377\",\"A2435\",\"A2459\",\"A2460\",\"A2588\",\"A2589\",\"A2591\",\"A2759\",\"A2761\",\"A2762\",\"A2902\",\"A2903\",\"A2904\",\"A3266\",\"A3267\",\"A3270\",\"A3459\",\"A3460\",\"A3463\"]"
}
---
Product: NoxRev TXP1
Variant: Blue / iPad 10.9 inch (10th/(A16)11th)
Matched CSV group/model: iPad 10.9" / iPad 10.9"
A-numbers (7): A2696, A2757, A2777, A3162, A3354, A3355, A3356
Metafield value:
["A2696","A2757","A2777","A3162","A3354","A3355","A3356"]
GraphQL metafieldsSet input:
{
  "ownerId": "gid://shopify/ProductVariant/43730795397194",
  "namespace": "custom",
  "key": "compatible_a_numbers",
  "type": "list.single_line_text_field",
  "value": "[\"A2696\",\"A2757\",\"A2777\",\"A3162\",\"A3354\",\"A3355\",\"A3356\"]"
}
---
Product: NoxRev TXP1
Variant: Blue / iPad 10.2 inch (7th/8th/9th)
Matched CSV group/model: iPad 10.2" / iPad 10.2"
A-numbers (11): A2197, A2198, A2200, A2270, A2428, A2429, A2430, A2602, A2603, A2604, A2605
Metafield value:
["A2197","A2198","A2200","A2270","A2428","A2429","A2430","A2602","A2603","A2604","A2605"]
GraphQL metafieldsSet input:
{
  "ownerId": "gid://shopify/ProductVariant/43730795429962",
  "namespace": "custom",
  "key": "compatible_a_numbers",
  "type": "list.single_line_text_field",
  "value": "[\"A2197\",\"A2198\",\"A2200\",\"A2270\",\"A2428\",\"A2429\",\"A2430\",\"A2602\",\"A2603\",\"A2604\",\"A2605\"]"
}
---
Product: NoxRev TXP1
Variant: Blue / iPad MINI 8.3 inch (6th/7th)
Matched CSV group/model: iPad mini 8.3" / iPad mini 8.3"
A-numbers (6): A2567, A2568, A2569, A2993, A2995, A2996
Metafield value:
["A2567","A2568","A2569","A2993","A2995","A2996"]
GraphQL metafieldsSet input:
{
  "ownerId": "gid://shopify/ProductVariant/43730795462730",
  "namespace": "custom",
  "key": "compatible_a_numbers",
  "type": "list.single_line_text_field",
  "value": "[\"A2567\",\"A2568\",\"A2569\",\"A2993\",\"A2995\",\"A2996\"]"
}
---
Product: NoxRev TXP1
Variant: Purple / iPad Pro 13 inch (M4/M5)
Matched CSV group/model: iPad Pro 13" / iPad Pro 13"
A-numbers (6): A2925, A2926, A3007, A3360, A3361, A3362
Metafield value:
["A2925","A2926","A3007","A3360","A3361","A3362"]
GraphQL metafieldsSet input:
{
  "ownerId": "gid://shopify/ProductVariant/43730794807370",
  "namespace": "custom",
  "key": "compatible_a_numbers",
  "type": "list.single_line_text_field",
  "value": "[\"A2925\",\"A2926\",\"A3007\",\"A3360\",\"A3361\",\"A3362\"]"
}
---
Product: NoxRev TXP1
Variant: Purple / iPad Pro 11 inch (M4/M5)
Matched CSV group/model: iPad Pro 11" / iPad Pro 11"
A-numbers (6): A2836, A2837, A3006, A3357, A3358, A3359
Metafield value:
["A2836","A2837","A3006","A3357","A3358","A3359"]
GraphQL metafieldsSet input:
{
  "ownerId": "gid://shopify/ProductVariant/43730794840138",
  "namespace": "custom",
  "key": "compatible_a_numbers",
  "type": "list.single_line_text_field",
  "value": "[\"A2836\",\"A2837\",\"A3006\",\"A3357\",\"A3358\",\"A3359\"]"
}
---
Product: NoxRev TXP1
Variant: Purple / iPad Air 13 inch (M2/M3/M4) / Pro 12.9 inch (3th/4th/5th/6th)
Matched CSV group/model: Air 13" / Pro 12.9" / Air 13" / Pro 12.9"
A-numbers (25): A1876, A1895, A1983, A2014, A2069, A2229, A2232, A2233, A2378, A2379, A2436, A2437, A2461, A2462, A2764, A2766, A2898, A2899, A2900, A3268, A3269, A3271, A3461, A3462, A3464
Metafield value:
["A1876","A1895","A1983","A2014","A2069","A2229","A2232","A2233","A2378","A2379","A2436","A2437","A2461","A2462","A2764","A2766","A2898","A2899","A2900","A3268","A3269","A3271","A3461","A3462","A3464"]
GraphQL metafieldsSet input:
{
  "ownerId": "gid://shopify/ProductVariant/43730794872906",
  "namespace": "custom",
  "key": "compatible_a_numbers",
  "type": "list.single_line_text_field",
  "value": "[\"A1876\",\"A1895\",\"A1983\",\"A2014\",\"A2069\",\"A2229\",\"A2232\",\"A2233\",\"A2378\",\"A2379\",\"A2436\",\"A2437\",\"A2461\",\"A2462\",\"A2764\",\"A2766\",\"A2898\",\"A2899\",\"A2900\",\"A3268\",\"A3269\",\"A3271\",\"A3461\",\"A3462\",\"A3464\"]"
}
---
Product: NoxRev TXP1
Variant: Purple / iPad Air 11 inch (4th/5th/M2/M3/M4) / Pro 11 inch (1th/2th/3th/4th)
Matched CSV group/model: Air 11" / Pro 11" / Air 11" / Pro 11"
A-numbers (32): A1934, A1979, A1980, A2013, A2068, A2072, A2228, A2230, A2231, A2301, A2316, A2324, A2325, A2377, A2435, A2459, A2460, A2588, A2589, A2591, A2759, A2761, A2762, A2902, A2903, A2904, A3266, A3267, A3270, A3459, A3460, A3463
Metafield value:
["A1934","A1979","A1980","A2013","A2068","A2072","A2228","A2230","A2231","A2301","A2316","A2324","A2325","A2377","A2435","A2459","A2460","A2588","A2589","A2591","A2759","A2761","A2762","A2902","A2903","A2904","A3266","A3267","A3270","A3459","A3460","A3463"]
GraphQL metafieldsSet input:
{
  "ownerId": "gid://shopify/ProductVariant/43730794905674",
  "namespace": "custom",
  "key": "compatible_a_numbers",
  "type": "list.single_line_text_field",
  "value": "[\"A1934\",\"A1979\",\"A1980\",\"A2013\",\"A2068\",\"A2072\",\"A2228\",\"A2230\",\"A2231\",\"A2301\",\"A2316\",\"A2324\",\"A2325\",\"A2377\",\"A2435\",\"A2459\",\"A2460\",\"A2588\",\"A2589\",\"A2591\",\"A2759\",\"A2761\",\"A2762\",\"A2902\",\"A2903\",\"A2904\",\"A3266\",\"A3267\",\"A3270\",\"A3459\",\"A3460\",\"A3463\"]"
}
---
Product: NoxRev TXP1
Variant: Purple / iPad 10.9 inch (10th/(A16)11th)
Matched CSV group/model: iPad 10.9" / iPad 10.9"
A-numbers (7): A2696, A2757, A2777, A3162, A3354, A3355, A3356
Metafield value:
["A2696","A2757","A2777","A3162","A3354","A3355","A3356"]
GraphQL metafieldsSet input:
{
  "ownerId": "gid://shopify/ProductVariant/43730794938442",
  "namespace": "custom",
  "key": "compatible_a_numbers",
  "type": "list.single_line_text_field",
  "value": "[\"A2696\",\"A2757\",\"A2777\",\"A3162\",\"A3354\",\"A3355\",\"A3356\"]"
}
---
Product: NoxRev TXP1
Variant: Purple / iPad 10.2 inch (7th/8th/9th)
Matched CSV group/model: iPad 10.2" / iPad 10.2"
A-numbers (11): A2197, A2198, A2200, A2270, A2428, A2429, A2430, A2602, A2603, A2604, A2605
Metafield value:
["A2197","A2198","A2200","A2270","A2428","A2429","A2430","A2602","A2603","A2604","A2605"]
GraphQL metafieldsSet input:
{
  "ownerId": "gid://shopify/ProductVariant/43730794971210",
  "namespace": "custom",
  "key": "compatible_a_numbers",
  "type": "list.single_line_text_field",
  "value": "[\"A2197\",\"A2198\",\"A2200\",\"A2270\",\"A2428\",\"A2429\",\"A2430\",\"A2602\",\"A2603\",\"A2604\",\"A2605\"]"
}
---
Product: NoxRev TXP1
Variant: Purple / iPad MINI 8.3 inch (6th/7th)
Matched CSV group/model: iPad mini 8.3" / iPad mini 8.3"
A-numbers (6): A2567, A2568, A2569, A2993, A2995, A2996
Metafield value:
["A2567","A2568","A2569","A2993","A2995","A2996"]
GraphQL metafieldsSet input:
{
  "ownerId": "gid://shopify/ProductVariant/43730795003978",
  "namespace": "custom",
  "key": "compatible_a_numbers",
  "type": "list.single_line_text_field",
  "value": "[\"A2567\",\"A2568\",\"A2569\",\"A2993\",\"A2995\",\"A2996\"]"
}
---
Product: NoxRev TXP1
Variant: Pink / iPad Pro 13 inch (M4/M5)
Matched CSV group/model: iPad Pro 13" / iPad Pro 13"
A-numbers (6): A2925, A2926, A3007, A3360, A3361, A3362
Metafield value:
["A2925","A2926","A3007","A3360","A3361","A3362"]
GraphQL metafieldsSet input:
{
  "ownerId": "gid://shopify/ProductVariant/43730795036746",
  "namespace": "custom",
  "key": "compatible_a_numbers",
  "type": "list.single_line_text_field",
  "value": "[\"A2925\",\"A2926\",\"A3007\",\"A3360\",\"A3361\",\"A3362\"]"
}
---
Product: NoxRev TXP1
Variant: Pink / iPad Pro 11 inch (M4/M5)
Matched CSV group/model: iPad Pro 11" / iPad Pro 11"
A-numbers (6): A2836, A2837, A3006, A3357, A3358, A3359
Metafield value:
["A2836","A2837","A3006","A3357","A3358","A3359"]
GraphQL metafieldsSet input:
{
  "ownerId": "gid://shopify/ProductVariant/43730795069514",
  "namespace": "custom",
  "key": "compatible_a_numbers",
  "type": "list.single_line_text_field",
  "value": "[\"A2836\",\"A2837\",\"A3006\",\"A3357\",\"A3358\",\"A3359\"]"
}
---
Product: NoxRev TXP1
Variant: Pink / iPad Air 13 inch (M2/M3/M4) / Pro 12.9 inch (3th/4th/5th/6th)
Matched CSV group/model: Air 13" / Pro 12.9" / Air 13" / Pro 12.9"
A-numbers (25): A1876, A1895, A1983, A2014, A2069, A2229, A2232, A2233, A2378, A2379, A2436, A2437, A2461, A2462, A2764, A2766, A2898, A2899, A2900, A3268, A3269, A3271, A3461, A3462, A3464
Metafield value:
["A1876","A1895","A1983","A2014","A2069","A2229","A2232","A2233","A2378","A2379","A2436","A2437","A2461","A2462","A2764","A2766","A2898","A2899","A2900","A3268","A3269","A3271","A3461","A3462","A3464"]
GraphQL metafieldsSet input:
{
  "ownerId": "gid://shopify/ProductVariant/43730795102282",
  "namespace": "custom",
  "key": "compatible_a_numbers",
  "type": "list.single_line_text_field",
  "value": "[\"A1876\",\"A1895\",\"A1983\",\"A2014\",\"A2069\",\"A2229\",\"A2232\",\"A2233\",\"A2378\",\"A2379\",\"A2436\",\"A2437\",\"A2461\",\"A2462\",\"A2764\",\"A2766\",\"A2898\",\"A2899\",\"A2900\",\"A3268\",\"A3269\",\"A3271\",\"A3461\",\"A3462\",\"A3464\"]"
}
---
Product: NoxRev TXP1
Variant: Pink / iPad Air 11 inch (4th/5th/M2/M3/M4) / Pro 11 inch (1th/2th/3th/4th)
Matched CSV group/model: Air 11" / Pro 11" / Air 11" / Pro 11"
A-numbers (32): A1934, A1979, A1980, A2013, A2068, A2072, A2228, A2230, A2231, A2301, A2316, A2324, A2325, A2377, A2435, A2459, A2460, A2588, A2589, A2591, A2759, A2761, A2762, A2902, A2903, A2904, A3266, A3267, A3270, A3459, A3460, A3463
Metafield value:
["A1934","A1979","A1980","A2013","A2068","A2072","A2228","A2230","A2231","A2301","A2316","A2324","A2325","A2377","A2435","A2459","A2460","A2588","A2589","A2591","A2759","A2761","A2762","A2902","A2903","A2904","A3266","A3267","A3270","A3459","A3460","A3463"]
GraphQL metafieldsSet input:
{
  "ownerId": "gid://shopify/ProductVariant/43730795135050",
  "namespace": "custom",
  "key": "compatible_a_numbers",
  "type": "list.single_line_text_field",
  "value": "[\"A1934\",\"A1979\",\"A1980\",\"A2013\",\"A2068\",\"A2072\",\"A2228\",\"A2230\",\"A2231\",\"A2301\",\"A2316\",\"A2324\",\"A2325\",\"A2377\",\"A2435\",\"A2459\",\"A2460\",\"A2588\",\"A2589\",\"A2591\",\"A2759\",\"A2761\",\"A2762\",\"A2902\",\"A2903\",\"A2904\",\"A3266\",\"A3267\",\"A3270\",\"A3459\",\"A3460\",\"A3463\"]"
}
---
Product: NoxRev TXP1
Variant: Pink / iPad 10.9 inch (10th/(A16)11th)
Matched CSV group/model: iPad 10.9" / iPad 10.9"
A-numbers (7): A2696, A2757, A2777, A3162, A3354, A3355, A3356
Metafield value:
["A2696","A2757","A2777","A3162","A3354","A3355","A3356"]
GraphQL metafieldsSet input:
{
  "ownerId": "gid://shopify/ProductVariant/43730795167818",
  "namespace": "custom",
  "key": "compatible_a_numbers",
  "type": "list.single_line_text_field",
  "value": "[\"A2696\",\"A2757\",\"A2777\",\"A3162\",\"A3354\",\"A3355\",\"A3356\"]"
}
---
Product: NoxRev TXP1
Variant: Pink / iPad 10.2 inch (7th/8th/9th)
Matched CSV group/model: iPad 10.2" / iPad 10.2"
A-numbers (11): A2197, A2198, A2200, A2270, A2428, A2429, A2430, A2602, A2603, A2604, A2605
Metafield value:
["A2197","A2198","A2200","A2270","A2428","A2429","A2430","A2602","A2603","A2604","A2605"]
GraphQL metafieldsSet input:
{
  "ownerId": "gid://shopify/ProductVariant/43730795200586",
  "namespace": "custom",
  "key": "compatible_a_numbers",
  "type": "list.single_line_text_field",
  "value": "[\"A2197\",\"A2198\",\"A2200\",\"A2270\",\"A2428\",\"A2429\",\"A2430\",\"A2602\",\"A2603\",\"A2604\",\"A2605\"]"
}
---
Product: NoxRev TXP1
Variant: Pink / iPad MINI 8.3 inch (6th/7th)
Matched CSV group/model: iPad mini 8.3" / iPad mini 8.3"
A-numbers (6): A2567, A2568, A2569, A2993, A2995, A2996
Metafield value:
["A2567","A2568","A2569","A2993","A2995","A2996"]
GraphQL metafieldsSet input:
{
  "ownerId": "gid://shopify/ProductVariant/43730795233354",
  "namespace": "custom",
  "key": "compatible_a_numbers",
  "type": "list.single_line_text_field",
  "value": "[\"A2567\",\"A2568\",\"A2569\",\"A2993\",\"A2995\",\"A2996\"]"
}
---
Product: NoxRev TXP1
Variant: Black / iPad Pro 13 inch (M4/M5)
Matched CSV group/model: iPad Pro 13" / iPad Pro 13"
A-numbers (6): A2925, A2926, A3007, A3360, A3361, A3362
Metafield value:
["A2925","A2926","A3007","A3360","A3361","A3362"]
GraphQL metafieldsSet input:
{
  "ownerId": "gid://shopify/ProductVariant/43730795495498",
  "namespace": "custom",
  "key": "compatible_a_numbers",
  "type": "list.single_line_text_field",
  "value": "[\"A2925\",\"A2926\",\"A3007\",\"A3360\",\"A3361\",\"A3362\"]"
}
---
Product: NoxRev TXP1
Variant: Black / iPad Pro 11 inch (M4/M5)
Matched CSV group/model: iPad Pro 11" / iPad Pro 11"
A-numbers (6): A2836, A2837, A3006, A3357, A3358, A3359
Metafield value:
["A2836","A2837","A3006","A3357","A3358","A3359"]
GraphQL metafieldsSet input:
{
  "ownerId": "gid://shopify/ProductVariant/43730795528266",
  "namespace": "custom",
  "key": "compatible_a_numbers",
  "type": "list.single_line_text_field",
  "value": "[\"A2836\",\"A2837\",\"A3006\",\"A3357\",\"A3358\",\"A3359\"]"
}
---
Product: NoxRev TXP1
Variant: Black / iPad Air 13 inch (M2/M3/M4) / Pro 12.9 inch (3th/4th/5th/6th)
Matched CSV group/model: Air 13" / Pro 12.9" / Air 13" / Pro 12.9"
A-numbers (25): A1876, A1895, A1983, A2014, A2069, A2229, A2232, A2233, A2378, A2379, A2436, A2437, A2461, A2462, A2764, A2766, A2898, A2899, A2900, A3268, A3269, A3271, A3461, A3462, A3464
Metafield value:
["A1876","A1895","A1983","A2014","A2069","A2229","A2232","A2233","A2378","A2379","A2436","A2437","A2461","A2462","A2764","A2766","A2898","A2899","A2900","A3268","A3269","A3271","A3461","A3462","A3464"]
GraphQL metafieldsSet input:
{
  "ownerId": "gid://shopify/ProductVariant/43730795561034",
  "namespace": "custom",
  "key": "compatible_a_numbers",
  "type": "list.single_line_text_field",
  "value": "[\"A1876\",\"A1895\",\"A1983\",\"A2014\",\"A2069\",\"A2229\",\"A2232\",\"A2233\",\"A2378\",\"A2379\",\"A2436\",\"A2437\",\"A2461\",\"A2462\",\"A2764\",\"A2766\",\"A2898\",\"A2899\",\"A2900\",\"A3268\",\"A3269\",\"A3271\",\"A3461\",\"A3462\",\"A3464\"]"
}
---
Product: NoxRev TXP1
Variant: Black / iPad Air 11 inch (4th/5th/M2/M3/M4) / Pro 11 inch (1th/2th/3th/4th)
Matched CSV group/model: Air 11" / Pro 11" / Air 11" / Pro 11"
A-numbers (32): A1934, A1979, A1980, A2013, A2068, A2072, A2228, A2230, A2231, A2301, A2316, A2324, A2325, A2377, A2435, A2459, A2460, A2588, A2589, A2591, A2759, A2761, A2762, A2902, A2903, A2904, A3266, A3267, A3270, A3459, A3460, A3463
Metafield value:
["A1934","A1979","A1980","A2013","A2068","A2072","A2228","A2230","A2231","A2301","A2316","A2324","A2325","A2377","A2435","A2459","A2460","A2588","A2589","A2591","A2759","A2761","A2762","A2902","A2903","A2904","A3266","A3267","A3270","A3459","A3460","A3463"]
GraphQL metafieldsSet input:
{
  "ownerId": "gid://shopify/ProductVariant/43730795593802",
  "namespace": "custom",
  "key": "compatible_a_numbers",
  "type": "list.single_line_text_field",
  "value": "[\"A1934\",\"A1979\",\"A1980\",\"A2013\",\"A2068\",\"A2072\",\"A2228\",\"A2230\",\"A2231\",\"A2301\",\"A2316\",\"A2324\",\"A2325\",\"A2377\",\"A2435\",\"A2459\",\"A2460\",\"A2588\",\"A2589\",\"A2591\",\"A2759\",\"A2761\",\"A2762\",\"A2902\",\"A2903\",\"A2904\",\"A3266\",\"A3267\",\"A3270\",\"A3459\",\"A3460\",\"A3463\"]"
}
---
Product: NoxRev TXP1
Variant: Black / iPad 10.9 inch (10th/(A16)11th)
Matched CSV group/model: iPad 10.9" / iPad 10.9"
A-numbers (7): A2696, A2757, A2777, A3162, A3354, A3355, A3356
Metafield value:
["A2696","A2757","A2777","A3162","A3354","A3355","A3356"]
GraphQL metafieldsSet input:
{
  "ownerId": "gid://shopify/ProductVariant/43730795626570",
  "namespace": "custom",
  "key": "compatible_a_numbers",
  "type": "list.single_line_text_field",
  "value": "[\"A2696\",\"A2757\",\"A2777\",\"A3162\",\"A3354\",\"A3355\",\"A3356\"]"
}
---
Product: NoxRev TXP1
Variant: Black / iPad 10.2 inch (7th/8th/9th)
Matched CSV group/model: iPad 10.2" / iPad 10.2"
A-numbers (11): A2197, A2198, A2200, A2270, A2428, A2429, A2430, A2602, A2603, A2604, A2605
Metafield value:
["A2197","A2198","A2200","A2270","A2428","A2429","A2430","A2602","A2603","A2604","A2605"]
GraphQL metafieldsSet input:
{
  "ownerId": "gid://shopify/ProductVariant/43730795659338",
  "namespace": "custom",
  "key": "compatible_a_numbers",
  "type": "list.single_line_text_field",
  "value": "[\"A2197\",\"A2198\",\"A2200\",\"A2270\",\"A2428\",\"A2429\",\"A2430\",\"A2602\",\"A2603\",\"A2604\",\"A2605\"]"
}
---
Product: NoxRev TXP1
Variant: Black / iPad MINI 8.3 inch (6th/7th)
Matched CSV group/model: iPad mini 8.3" / iPad mini 8.3"
A-numbers (6): A2567, A2568, A2569, A2993, A2995, A2996
Metafield value:
["A2567","A2568","A2569","A2993","A2995","A2996"]
GraphQL metafieldsSet input:
{
  "ownerId": "gid://shopify/ProductVariant/43730795692106",
  "namespace": "custom",
  "key": "compatible_a_numbers",
  "type": "list.single_line_text_field",
  "value": "[\"A2567\",\"A2568\",\"A2569\",\"A2993\",\"A2995\",\"A2996\"]"
}
---
Product: NoxRev TXP1
Variant: Orange / iPad Pro 13 inch (M4/M5)
Matched CSV group/model: iPad Pro 13" / iPad Pro 13"
A-numbers (6): A2925, A2926, A3007, A3360, A3361, A3362
Metafield value:
["A2925","A2926","A3007","A3360","A3361","A3362"]
GraphQL metafieldsSet input:
{
  "ownerId": "gid://shopify/ProductVariant/43730795724874",
  "namespace": "custom",
  "key": "compatible_a_numbers",
  "type": "list.single_line_text_field",
  "value": "[\"A2925\",\"A2926\",\"A3007\",\"A3360\",\"A3361\",\"A3362\"]"
}
---
Product: NoxRev TXP1
Variant: Orange / iPad Pro 11 inch (M4/M5)
Matched CSV group/model: iPad Pro 11" / iPad Pro 11"
A-numbers (6): A2836, A2837, A3006, A3357, A3358, A3359
Metafield value:
["A2836","A2837","A3006","A3357","A3358","A3359"]
GraphQL metafieldsSet input:
{
  "ownerId": "gid://shopify/ProductVariant/43730795757642",
  "namespace": "custom",
  "key": "compatible_a_numbers",
  "type": "list.single_line_text_field",
  "value": "[\"A2836\",\"A2837\",\"A3006\",\"A3357\",\"A3358\",\"A3359\"]"
}
---
Product: NoxRev TXP1
Variant: Orange / iPad Air 13 inch (M2/M3/M4) / Pro 12.9 inch (3th/4th/5th/6th)
Matched CSV group/model: Air 13" / Pro 12.9" / Air 13" / Pro 12.9"
A-numbers (25): A1876, A1895, A1983, A2014, A2069, A2229, A2232, A2233, A2378, A2379, A2436, A2437, A2461, A2462, A2764, A2766, A2898, A2899, A2900, A3268, A3269, A3271, A3461, A3462, A3464
Metafield value:
["A1876","A1895","A1983","A2014","A2069","A2229","A2232","A2233","A2378","A2379","A2436","A2437","A2461","A2462","A2764","A2766","A2898","A2899","A2900","A3268","A3269","A3271","A3461","A3462","A3464"]
GraphQL metafieldsSet input:
{
  "ownerId": "gid://shopify/ProductVariant/43730795790410",
  "namespace": "custom",
  "key": "compatible_a_numbers",
  "type": "list.single_line_text_field",
  "value": "[\"A1876\",\"A1895\",\"A1983\",\"A2014\",\"A2069\",\"A2229\",\"A2232\",\"A2233\",\"A2378\",\"A2379\",\"A2436\",\"A2437\",\"A2461\",\"A2462\",\"A2764\",\"A2766\",\"A2898\",\"A2899\",\"A2900\",\"A3268\",\"A3269\",\"A3271\",\"A3461\",\"A3462\",\"A3464\"]"
}
---
Product: NoxRev TXP1
Variant: Orange / iPad Air 11 inch (4th/5th/M2/M3/M4) / Pro 11 inch (1th/2th/3th/4th)
Matched CSV group/model: Air 11" / Pro 11" / Air 11" / Pro 11"
A-numbers (32): A1934, A1979, A1980, A2013, A2068, A2072, A2228, A2230, A2231, A2301, A2316, A2324, A2325, A2377, A2435, A2459, A2460, A2588, A2589, A2591, A2759, A2761, A2762, A2902, A2903, A2904, A3266, A3267, A3270, A3459, A3460, A3463
Metafield value:
["A1934","A1979","A1980","A2013","A2068","A2072","A2228","A2230","A2231","A2301","A2316","A2324","A2325","A2377","A2435","A2459","A2460","A2588","A2589","A2591","A2759","A2761","A2762","A2902","A2903","A2904","A3266","A3267","A3270","A3459","A3460","A3463"]
GraphQL metafieldsSet input:
{
  "ownerId": "gid://shopify/ProductVariant/43730795823178",
  "namespace": "custom",
  "key": "compatible_a_numbers",
  "type": "list.single_line_text_field",
  "value": "[\"A1934\",\"A1979\",\"A1980\",\"A2013\",\"A2068\",\"A2072\",\"A2228\",\"A2230\",\"A2231\",\"A2301\",\"A2316\",\"A2324\",\"A2325\",\"A2377\",\"A2435\",\"A2459\",\"A2460\",\"A2588\",\"A2589\",\"A2591\",\"A2759\",\"A2761\",\"A2762\",\"A2902\",\"A2903\",\"A2904\",\"A3266\",\"A3267\",\"A3270\",\"A3459\",\"A3460\",\"A3463\"]"
}
---
Product: NoxRev TXP1
Variant: Orange / iPad 10.9 inch (10th/(A16)11th)
Matched CSV group/model: iPad 10.9" / iPad 10.9"
A-numbers (7): A2696, A2757, A2777, A3162, A3354, A3355, A3356
Metafield value:
["A2696","A2757","A2777","A3162","A3354","A3355","A3356"]
GraphQL metafieldsSet input:
{
  "ownerId": "gid://shopify/ProductVariant/43730795855946",
  "namespace": "custom",
  "key": "compatible_a_numbers",
  "type": "list.single_line_text_field",
  "value": "[\"A2696\",\"A2757\",\"A2777\",\"A3162\",\"A3354\",\"A3355\",\"A3356\"]"
}
---
Product: NoxRev TXP1
Variant: Orange / iPad 10.2 inch (7th/8th/9th)
Matched CSV group/model: iPad 10.2" / iPad 10.2"
A-numbers (11): A2197, A2198, A2200, A2270, A2428, A2429, A2430, A2602, A2603, A2604, A2605
Metafield value:
["A2197","A2198","A2200","A2270","A2428","A2429","A2430","A2602","A2603","A2604","A2605"]
GraphQL metafieldsSet input:
{
  "ownerId": "gid://shopify/ProductVariant/43766319448138",
  "namespace": "custom",
  "key": "compatible_a_numbers",
  "type": "list.single_line_text_field",
  "value": "[\"A2197\",\"A2198\",\"A2200\",\"A2270\",\"A2428\",\"A2429\",\"A2430\",\"A2602\",\"A2603\",\"A2604\",\"A2605\"]"
}
---
Product: NoxRev TXP1
Variant: Orange / iPad MINI 8.3 inch (6th/7th)
Matched CSV group/model: iPad mini 8.3" / iPad mini 8.3"
A-numbers (6): A2567, A2568, A2569, A2993, A2995, A2996
Metafield value:
["A2567","A2568","A2569","A2993","A2995","A2996"]
GraphQL metafieldsSet input:
{
  "ownerId": "gid://shopify/ProductVariant/43730795888714",
  "namespace": "custom",
  "key": "compatible_a_numbers",
  "type": "list.single_line_text_field",
  "value": "[\"A2567\",\"A2568\",\"A2569\",\"A2993\",\"A2995\",\"A2996\"]"
}
---
Product: NoxRev TXP1
Variant: White / iPad Pro 13 inch (M4/M5)
Matched CSV group/model: iPad Pro 13" / iPad Pro 13"
A-numbers (6): A2925, A2926, A3007, A3360, A3361, A3362
Metafield value:
["A2925","A2926","A3007","A3360","A3361","A3362"]
GraphQL metafieldsSet input:
{
  "ownerId": "gid://shopify/ProductVariant/43730795921482",
  "namespace": "custom",
  "key": "compatible_a_numbers",
  "type": "list.single_line_text_field",
  "value": "[\"A2925\",\"A2926\",\"A3007\",\"A3360\",\"A3361\",\"A3362\"]"
}
---
Product: NoxRev TXP1
Variant: White / iPad Pro 11 inch (M4/M5)
Matched CSV group/model: iPad Pro 11" / iPad Pro 11"
A-numbers (6): A2836, A2837, A3006, A3357, A3358, A3359
Metafield value:
["A2836","A2837","A3006","A3357","A3358","A3359"]
GraphQL metafieldsSet input:
{
  "ownerId": "gid://shopify/ProductVariant/43730795954250",
  "namespace": "custom",
  "key": "compatible_a_numbers",
  "type": "list.single_line_text_field",
  "value": "[\"A2836\",\"A2837\",\"A3006\",\"A3357\",\"A3358\",\"A3359\"]"
}
---
Product: NoxRev TXP1
Variant: White / iPad Air 13 inch (M2/M3/M4) / Pro 12.9 inch (3th/4th/5th/6th)
Matched CSV group/model: Air 13" / Pro 12.9" / Air 13" / Pro 12.9"
A-numbers (25): A1876, A1895, A1983, A2014, A2069, A2229, A2232, A2233, A2378, A2379, A2436, A2437, A2461, A2462, A2764, A2766, A2898, A2899, A2900, A3268, A3269, A3271, A3461, A3462, A3464
Metafield value:
["A1876","A1895","A1983","A2014","A2069","A2229","A2232","A2233","A2378","A2379","A2436","A2437","A2461","A2462","A2764","A2766","A2898","A2899","A2900","A3268","A3269","A3271","A3461","A3462","A3464"]
GraphQL metafieldsSet input:
{
  "ownerId": "gid://shopify/ProductVariant/43730795987018",
  "namespace": "custom",
  "key": "compatible_a_numbers",
  "type": "list.single_line_text_field",
  "value": "[\"A1876\",\"A1895\",\"A1983\",\"A2014\",\"A2069\",\"A2229\",\"A2232\",\"A2233\",\"A2378\",\"A2379\",\"A2436\",\"A2437\",\"A2461\",\"A2462\",\"A2764\",\"A2766\",\"A2898\",\"A2899\",\"A2900\",\"A3268\",\"A3269\",\"A3271\",\"A3461\",\"A3462\",\"A3464\"]"
}
---
Product: NoxRev TXP1
Variant: White / iPad Air 11 inch (4th/5th/M2/M3/M4) / Pro 11 inch (1th/2th/3th/4th)
Matched CSV group/model: Air 11" / Pro 11" / Air 11" / Pro 11"
A-numbers (32): A1934, A1979, A1980, A2013, A2068, A2072, A2228, A2230, A2231, A2301, A2316, A2324, A2325, A2377, A2435, A2459, A2460, A2588, A2589, A2591, A2759, A2761, A2762, A2902, A2903, A2904, A3266, A3267, A3270, A3459, A3460, A3463
Metafield value:
["A1934","A1979","A1980","A2013","A2068","A2072","A2228","A2230","A2231","A2301","A2316","A2324","A2325","A2377","A2435","A2459","A2460","A2588","A2589","A2591","A2759","A2761","A2762","A2902","A2903","A2904","A3266","A3267","A3270","A3459","A3460","A3463"]
GraphQL metafieldsSet input:
{
  "ownerId": "gid://shopify/ProductVariant/43730796019786",
  "namespace": "custom",
  "key": "compatible_a_numbers",
  "type": "list.single_line_text_field",
  "value": "[\"A1934\",\"A1979\",\"A1980\",\"A2013\",\"A2068\",\"A2072\",\"A2228\",\"A2230\",\"A2231\",\"A2301\",\"A2316\",\"A2324\",\"A2325\",\"A2377\",\"A2435\",\"A2459\",\"A2460\",\"A2588\",\"A2589\",\"A2591\",\"A2759\",\"A2761\",\"A2762\",\"A2902\",\"A2903\",\"A2904\",\"A3266\",\"A3267\",\"A3270\",\"A3459\",\"A3460\",\"A3463\"]"
}
---
Product: NoxRev TXP1
Variant: White / iPad 10.9 inch (10th/(A16)11th)
Matched CSV group/model: iPad 10.9" / iPad 10.9"
A-numbers (7): A2696, A2757, A2777, A3162, A3354, A3355, A3356
Metafield value:
["A2696","A2757","A2777","A3162","A3354","A3355","A3356"]
GraphQL metafieldsSet input:
{
  "ownerId": "gid://shopify/ProductVariant/43730796052554",
  "namespace": "custom",
  "key": "compatible_a_numbers",
  "type": "list.single_line_text_field",
  "value": "[\"A2696\",\"A2757\",\"A2777\",\"A3162\",\"A3354\",\"A3355\",\"A3356\"]"
}
---
Product: NoxRev TXP1
Variant: White / iPad 10.2 inch (7th/8th/9th)
Matched CSV group/model: iPad 10.2" / iPad 10.2"
A-numbers (11): A2197, A2198, A2200, A2270, A2428, A2429, A2430, A2602, A2603, A2604, A2605
Metafield value:
["A2197","A2198","A2200","A2270","A2428","A2429","A2430","A2602","A2603","A2604","A2605"]
GraphQL metafieldsSet input:
{
  "ownerId": "gid://shopify/ProductVariant/43730796085322",
  "namespace": "custom",
  "key": "compatible_a_numbers",
  "type": "list.single_line_text_field",
  "value": "[\"A2197\",\"A2198\",\"A2200\",\"A2270\",\"A2428\",\"A2429\",\"A2430\",\"A2602\",\"A2603\",\"A2604\",\"A2605\"]"
}
---
Product: NoxRev TXP1
Variant: White / iPad MINI 8.3 inch (6th/7th)
Matched CSV group/model: iPad mini 8.3" / iPad mini 8.3"
A-numbers (6): A2567, A2568, A2569, A2993, A2995, A2996
Metafield value:
["A2567","A2568","A2569","A2993","A2995","A2996"]
GraphQL metafieldsSet input:
{
  "ownerId": "gid://shopify/ProductVariant/43730796118090",
  "namespace": "custom",
  "key": "compatible_a_numbers",
  "type": "list.single_line_text_field",
  "value": "[\"A2567\",\"A2568\",\"A2569\",\"A2993\",\"A2995\",\"A2996\"]"
}

=== Diagnostics ===
Invalid CSV rows: 0
Unmatched CSV groups: 0
Unmatched Shopify variants: 0
Ambiguous Shopify variants: 0
